// Jest Snapshot v1, https://goo.gl/fbAQLP

exports[`StoryAvatar Component Match Snapshot 1`] = `
<View
  accessible={true}
  collapsable={false}
  focusable={true}
  onBlur={[Function]}
  onClick={[Function]}
  onFocus={[Function]}
  onResponderGrant={[Function]}
  onResponderMove={[Function]}
  onResponderRelease={[Function]}
  onResponderTerminate={[Function]}
  onResponderTerminationRequest={[Function]}
  onStartShouldSetResponder={[Function]}
>
  <View
    style={
      Object {
        "alignItems": "center",
        "borderColor": "#CA1D7E",
        "borderRadius": 52.5,
        "borderWidth": 2,
        "height": 105,
        "justifyContent": "center",
        "marginRight": 10,
        "padding": 1,
        "width": 105,
      }
    }
  >
    <Image
      resizeMode="contain"
      source={
        Object {
          "uri": undefined,
        }
      }
      style={
        Object {
          "height": "100%",
          "width": "100%",
        }
      }
    />
  </View>
</View>
`;
